test_active_console_is_rejected (test_bpi_cm6_bluetooth.BluetoothHardwareTests.test_active_console_is_rejected) ... ok
test_cmdline_console_is_rejected (test_bpi_cm6_bluetooth.BluetoothHardwareTests.test_cmdline_console_is_rejected) ... ok
test_debian_unit_uses_owned_path_and_bounded_restart (test_bpi_cm6_bluetooth.BluetoothHardwareTests.test_debian_unit_uses_owned_path_and_bounded_restart) ... ok
test_disabled_uart_is_rejected (test_bpi_cm6_bluetooth.BluetoothHardwareTests.test_disabled_uart_is_rejected) ... ok
test_disappearing_process_does_not_claim_uart (test_bpi_cm6_bluetooth.BluetoothHardwareTests.test_disappearing_process_does_not_claim_uart) ... ok
test_existing_hci_is_not_overwritten (test_bpi_cm6_bluetooth.BluetoothHardwareTests.test_existing_hci_is_not_overwritten) ... ok
test_hard_block_is_rejected (test_bpi_cm6_bluetooth.BluetoothHardwareTests.test_hard_block_is_rejected) ... ok
test_missing_uart_is_rejected (test_bpi_cm6_bluetooth.BluetoothHardwareTests.test_missing_uart_is_rejected) ... ok
test_multiple_rfkill_candidates_are_rejected (test_bpi_cm6_bluetooth.BluetoothHardwareTests.test_multiple_rfkill_candidates_are_rejected) ... ok
test_multiple_uart_candidates_are_rejected (test_bpi_cm6_bluetooth.BluetoothHardwareTests.test_multiple_uart_candidates_are_rejected) ... ok
test_open_descriptor_blocks_attach (test_bpi_cm6_bluetooth.BluetoothHardwareTests.test_open_descriptor_blocks_attach) ... ok
test_regular_file_cannot_impersonate_uart (test_bpi_cm6_bluetooth.BluetoothHardwareTests.test_regular_file_cannot_impersonate_uart) ... ok
test_rfkill_name_and_type_are_required (test_bpi_cm6_bluetooth.BluetoothHardwareTests.test_rfkill_name_and_type_are_required) ... ok
test_rfkill_wrong_of_node_is_rejected (test_bpi_cm6_bluetooth.BluetoothHardwareTests.test_rfkill_wrong_of_node_is_rejected) ... ok
test_selects_of_node_and_nonzero_rfkill_index (test_bpi_cm6_bluetooth.BluetoothHardwareTests.test_selects_of_node_and_nonzero_rfkill_index) ... ok
test_start_resets_selected_radio_then_executes_foreground (test_bpi_cm6_bluetooth.BluetoothHardwareTests.test_start_resets_selected_radio_then_executes_foreground) ... ok
test_stdout_alias_is_rejected (test_bpi_cm6_bluetooth.BluetoothHardwareTests.test_stdout_alias_is_rejected) ... ok
test_uart_name_is_resolved_instead_of_hardcoded (test_bpi_cm6_bluetooth.BluetoothHardwareTests.test_uart_name_is_resolved_instead_of_hardcoded) ... ok
test_wrong_board_is_rejected (test_bpi_cm6_bluetooth.BluetoothHardwareTests.test_wrong_board_is_rejected) ... ok
test_wrong_board_stops_before_mutating_operations (test_bpi_cm6_bluetooth.BluetoothHardwareTests.test_wrong_board_stops_before_mutating_operations) ... ok
test_wrong_uart_compatible_is_rejected (test_bpi_cm6_bluetooth.BluetoothHardwareTests.test_wrong_uart_compatible_is_rejected) ... ok
test_patched_source_has_no_fixed_rfkill_path (test_bpi_cm6_bluetooth.BluetoothPatchedHelperTests.test_patched_source_has_no_fixed_rfkill_path) ... ok
test_sigterm_still_exits_cleanly (test_bpi_cm6_bluetooth.BluetoothPatchedHelperTests.test_sigterm_still_exits_cleanly) ... ok
test_uart_failure_exits_nonzero_without_internal_power_reset (test_bpi_cm6_bluetooth.BluetoothPatchedHelperTests.test_uart_failure_exits_nonzero_without_internal_power_reset) ... ok
test_complete_locked_source_is_accepted (test_bpi_cm6_bluetooth.BluetoothSourceTests.test_complete_locked_source_is_accepted) ... ok
test_missing_local_patch_is_rejected (test_bpi_cm6_bluetooth.BluetoothSourceTests.test_missing_local_patch_is_rejected) ... ok
test_missing_source_file_is_rejected (test_bpi_cm6_bluetooth.BluetoothSourceTests.test_missing_source_file_is_rejected) ... ok
test_path_escape_is_rejected_even_with_matching_archive_sha (test_bpi_cm6_bluetooth.BluetoothSourceTests.test_path_escape_is_rejected_even_with_matching_archive_sha) ... ok
test_python_help_is_traditional_chinese (test_bpi_cm6_bluetooth.BluetoothSourceTests.test_python_help_is_traditional_chinese) ... ok
test_riscv_wrong_float_abi_is_rejected (test_bpi_cm6_bluetooth.BluetoothSourceTests.test_riscv_wrong_float_abi_is_rejected) ... ok
test_source_symlink_is_rejected (test_bpi_cm6_bluetooth.BluetoothSourceTests.test_source_symlink_is_rejected) ... ok
test_tampered_local_patch_is_rejected (test_bpi_cm6_bluetooth.BluetoothSourceTests.test_tampered_local_patch_is_rejected) ... ok
test_wrong_elf_architecture_is_rejected (test_bpi_cm6_bluetooth.BluetoothSourceTests.test_wrong_elf_architecture_is_rejected) ... ok
test_wrong_source_sha_is_rejected (test_bpi_cm6_bluetooth.BluetoothSourceTests.test_wrong_source_sha_is_rejected) ... ok
test_fresh_install_enables_and_starts_service (test_bpi_cm6_bluetooth_lifecycle.BluetoothLifecycleTests.test_fresh_install_enables_and_starts_service) ... ok
test_offline_dpkg_root_never_dispatches_live_service_commands (test_bpi_cm6_bluetooth_lifecycle.BluetoothLifecycleTests.test_offline_dpkg_root_never_dispatches_live_service_commands) ... ok
test_purge_clears_helper_state_and_fresh_reinstall_enables (test_bpi_cm6_bluetooth_lifecycle.BluetoothLifecycleTests.test_purge_clears_helper_state_and_fresh_reinstall_enables) ... ok
test_remove_and_reinstall_restores_enabled_service (test_bpi_cm6_bluetooth_lifecycle.BluetoothLifecycleTests.test_remove_and_reinstall_restores_enabled_service) ... ok
test_remove_reinstall_preserves_user_disabled_service (test_bpi_cm6_bluetooth_lifecycle.BluetoothLifecycleTests.test_remove_reinstall_preserves_user_disabled_service) ... ok
test_upgrade_preserves_running_service_with_autostart_disabled (test_bpi_cm6_bluetooth_lifecycle.BluetoothLifecycleTests.test_upgrade_preserves_running_service_with_autostart_disabled) ... ok
test_upgrade_preserves_user_disabled_and_stopped_service (test_bpi_cm6_bluetooth_lifecycle.BluetoothLifecycleTests.test_upgrade_preserves_user_disabled_and_stopped_service) ... ok
test_upgrade_preserves_user_mask (test_bpi_cm6_bluetooth_lifecycle.BluetoothLifecycleTests.test_upgrade_preserves_user_mask) ... ok
test_upgrade_replaces_old_process_with_new_generation (test_bpi_cm6_bluetooth_lifecycle.BluetoothLifecycleTests.test_upgrade_replaces_old_process_with_new_generation) ... ok
test_changed_payload_is_rejected (test_package_bpi_cm6_bluetooth.BluetoothPackageTests.test_changed_payload_is_rejected) ... ok
test_consistent_source_manifest_is_accepted (test_package_bpi_cm6_bluetooth.BluetoothPackageTests.test_consistent_source_manifest_is_accepted) ... ok
test_manifest_cannot_read_parent_directory (test_package_bpi_cm6_bluetooth.BluetoothPackageTests.test_manifest_cannot_read_parent_directory) ... ok
test_missing_patch_is_rejected (test_package_bpi_cm6_bluetooth.BluetoothPackageTests.test_missing_patch_is_rejected) ... ok
test_missing_source_archive_is_rejected (test_package_bpi_cm6_bluetooth.BluetoothPackageTests.test_missing_source_archive_is_rejected) ... ok
test_self_consistent_changed_patched_source_is_rejected (test_package_bpi_cm6_bluetooth.BluetoothPackageTests.test_self_consistent_changed_patched_source_is_rejected) ... ok
test_self_consistent_replaced_source_is_rejected (test_package_bpi_cm6_bluetooth.BluetoothPackageTests.test_self_consistent_replaced_source_is_rejected) ... ok
test_self_consistent_wrong_architecture_is_rejected (test_package_bpi_cm6_bluetooth.BluetoothPackageTests.test_self_consistent_wrong_architecture_is_rejected) ... ok
test_symlink_payload_is_rejected_even_if_hash_matches (test_package_bpi_cm6_bluetooth.BluetoothPackageTests.test_symlink_payload_is_rejected_even_if_hash_matches) ... ok

----------------------------------------------------------------------
Ran 52 tests in 6.065s

OK
