test_bluetooth_manifest_cannot_disguise_wrong_architecture (test_prepare_bpi_k1_vendor_rootfs.PrepareRootfsTests.test_bluetooth_manifest_cannot_disguise_wrong_architecture) ... ok
test_bluetooth_package_cannot_change_without_explicit_refresh (test_prepare_bpi_k1_vendor_rootfs.PrepareRootfsTests.test_bluetooth_package_cannot_change_without_explicit_refresh) ... ok
test_bluetooth_package_must_use_pinned_official_source (test_prepare_bpi_k1_vendor_rootfs.PrepareRootfsTests.test_bluetooth_package_must_use_pinned_official_source) ... ok
test_bluetooth_package_tampering_rejected_before_control_read (test_prepare_bpi_k1_vendor_rootfs.PrepareRootfsTests.test_bluetooth_package_tampering_rejected_before_control_read) ... ok
test_cm6_cannot_omit_uart_bluetooth_package (test_prepare_bpi_k1_vendor_rootfs.PrepareRootfsTests.test_cm6_cannot_omit_uart_bluetooth_package) ... ok
test_completed_candidate_is_not_rebuilt (test_prepare_bpi_k1_vendor_rootfs.PrepareRootfsTests.test_completed_candidate_is_not_rebuilt) ... ok
test_copy_preserves_source_and_exact_partition_bytes (test_prepare_bpi_k1_vendor_rootfs.PrepareRootfsTests.test_copy_preserves_source_and_exact_partition_bytes) ... ok
test_existing_rootfs_is_not_overwritten_by_copy (test_prepare_bpi_k1_vendor_rootfs.PrepareRootfsTests.test_existing_rootfs_is_not_overwritten_by_copy) ... ok
test_explicit_bluetooth_refresh_cannot_change_source_image (test_prepare_bpi_k1_vendor_rootfs.PrepareRootfsTests.test_explicit_bluetooth_refresh_cannot_change_source_image) ... ok
test_explicit_refresh_can_add_missing_bluetooth_package (test_prepare_bpi_k1_vendor_rootfs.PrepareRootfsTests.test_explicit_refresh_can_add_missing_bluetooth_package) ... ok
test_explicit_refresh_can_update_bluetooth_package (test_prepare_bpi_k1_vendor_rootfs.PrepareRootfsTests.test_explicit_refresh_can_update_bluetooth_package) ... ok
test_f3_does_not_accept_cm6_bluetooth_package (test_prepare_bpi_k1_vendor_rootfs.PrepareRootfsTests.test_f3_does_not_accept_cm6_bluetooth_package) ... ok
test_gpt_source_is_not_mistaken_for_old_armbian (test_prepare_bpi_k1_vendor_rootfs.PrepareRootfsTests.test_gpt_source_is_not_mistaken_for_old_armbian) ... ok
test_matching_bluetooth_package_is_selected (test_prepare_bpi_k1_vendor_rootfs.PrepareRootfsTests.test_matching_bluetooth_package_is_selected) ... ok
test_mbr_partition_ending_exactly_at_eof_is_valid (test_prepare_bpi_k1_vendor_rootfs.PrepareRootfsTests.test_mbr_partition_ending_exactly_at_eof_is_valid) ... ok
test_mbr_partition_exceeding_eof_is_rejected (test_prepare_bpi_k1_vendor_rootfs.PrepareRootfsTests.test_mbr_partition_exceeding_eof_is_rejected) ... ok
test_modified_package_with_same_size_is_rejected (test_prepare_bpi_k1_vendor_rootfs.PrepareRootfsTests.test_modified_package_with_same_size_is_rejected) ... ok
test_multiple_partitions_are_rejected (test_prepare_bpi_k1_vendor_rootfs.PrepareRootfsTests.test_multiple_partitions_are_rejected) ... ok
test_non_regular_source_is_rejected (test_prepare_bpi_k1_vendor_rootfs.PrepareRootfsTests.test_non_regular_source_is_rejected) ... ok
test_package_selection_keeps_board_specific_ddk (test_prepare_bpi_k1_vendor_rootfs.PrepareRootfsTests.test_package_selection_keeps_board_specific_ddk) ... ok
test_resume_changed_package_lock_is_rejected_before_mount (test_prepare_bpi_k1_vendor_rootfs.PrepareRootfsTests.test_resume_changed_package_lock_is_rejected_before_mount) ... ok
test_resume_different_board_is_rejected_before_mount (test_prepare_bpi_k1_vendor_rootfs.PrepareRootfsTests.test_resume_different_board_is_rejected_before_mount) ... ok
test_resume_source_mutation_is_rejected_before_mount (test_prepare_bpi_k1_vendor_rootfs.PrepareRootfsTests.test_resume_source_mutation_is_rejected_before_mount) ... ok
test_short_source_cannot_be_silently_padded (test_prepare_bpi_k1_vendor_rootfs.PrepareRootfsTests.test_short_source_cannot_be_silently_padded) ... ok
test_symlink_package_is_rejected_even_when_hash_matches (test_prepare_bpi_k1_vendor_rootfs.PrepareRootfsTests.test_symlink_package_is_rejected_even_when_hash_matches) ... ok
test_truncated_package_is_rejected (test_prepare_bpi_k1_vendor_rootfs.PrepareRootfsTests.test_truncated_package_is_rejected) ... ok
test_unknown_board_cannot_use_another_profile (test_prepare_bpi_k1_vendor_rootfs.PrepareRootfsTests.test_unknown_board_cannot_use_another_profile) ... ok
test_wrong_filesystem_partition_type_is_rejected (test_prepare_bpi_k1_vendor_rootfs.PrepareRootfsTests.test_wrong_filesystem_partition_type_is_rejected) ... ok
test_wrong_offset_is_rejected (test_prepare_bpi_k1_vendor_rootfs.PrepareRootfsTests.test_wrong_offset_is_rejected) ... ok

----------------------------------------------------------------------
Ran 29 tests in 0.027s

OK
